
60. Executing CHECK pass (checking for obvious problems).
Checking module multiplier_32bit_behavioral...
Warning: Wire multiplier_32bit_behavioral.\P [63] is used but has no driver.
Warning: Wire multiplier_32bit_behavioral.\P [62] is used but has no driver.
Warning: Wire multiplier_32bit_behavioral.\P [61] is used but has no driver.
Warning: Wire multiplier_32bit_behavioral.\P [60] is used but has no driver.
Warning: Wire multiplier_32bit_behavioral.\P [59] is used but has no driver.
Warning: Wire multiplier_32bit_behavioral.\P [58] is used but has no driver.
Warning: Wire multiplier_32bit_behavioral.\P [57] is used but has no driver.
Warning: Wire multiplier_32bit_behavioral.\P [56] is used but has no driver.
Warning: Wire multiplier_32bit_behavioral.\P [55] is used but has no driver.
Warning: Wire multiplier_32bit_behavioral.\P [54] is used but has no driver.
Warning: Wire multiplier_32bit_behavioral.\P [53] is used but has no driver.
Warning: Wire multiplier_32bit_behavioral.\P [52] is used but has no driver.
Warning: Wire multiplier_32bit_behavioral.\P [51] is used but has no driver.
Warning: Wire multiplier_32bit_behavioral.\P [50] is used but has no driver.
Warning: Wire multiplier_32bit_behavioral.\P [49] is used but has no driver.
Warning: Wire multiplier_32bit_behavioral.\P [48] is used but has no driver.
Warning: Wire multiplier_32bit_behavioral.\P [47] is used but has no driver.
Warning: Wire multiplier_32bit_behavioral.\P [46] is used but has no driver.
Warning: Wire multiplier_32bit_behavioral.\P [45] is used but has no driver.
Warning: Wire multiplier_32bit_behavioral.\P [44] is used but has no driver.
Warning: Wire multiplier_32bit_behavioral.\P [43] is used but has no driver.
Warning: Wire multiplier_32bit_behavioral.\P [42] is used but has no driver.
Warning: Wire multiplier_32bit_behavioral.\P [41] is used but has no driver.
Warning: Wire multiplier_32bit_behavioral.\P [40] is used but has no driver.
Warning: Wire multiplier_32bit_behavioral.\P [39] is used but has no driver.
Warning: Wire multiplier_32bit_behavioral.\P [38] is used but has no driver.
Warning: Wire multiplier_32bit_behavioral.\P [37] is used but has no driver.
Warning: Wire multiplier_32bit_behavioral.\P [36] is used but has no driver.
Warning: Wire multiplier_32bit_behavioral.\P [35] is used but has no driver.
Warning: Wire multiplier_32bit_behavioral.\P [34] is used but has no driver.
Warning: Wire multiplier_32bit_behavioral.\P [33] is used but has no driver.
Warning: Wire multiplier_32bit_behavioral.\P [32] is used but has no driver.
Warning: Wire multiplier_32bit_behavioral.\P [31] is used but has no driver.
Warning: Wire multiplier_32bit_behavioral.\P [30] is used but has no driver.
Warning: Wire multiplier_32bit_behavioral.\P [29] is used but has no driver.
Warning: Wire multiplier_32bit_behavioral.\P [28] is used but has no driver.
Warning: Wire multiplier_32bit_behavioral.\P [27] is used but has no driver.
Warning: Wire multiplier_32bit_behavioral.\P [26] is used but has no driver.
Warning: Wire multiplier_32bit_behavioral.\P [25] is used but has no driver.
Warning: Wire multiplier_32bit_behavioral.\P [24] is used but has no driver.
Warning: Wire multiplier_32bit_behavioral.\P [23] is used but has no driver.
Warning: Wire multiplier_32bit_behavioral.\P [22] is used but has no driver.
Warning: Wire multiplier_32bit_behavioral.\P [21] is used but has no driver.
Warning: Wire multiplier_32bit_behavioral.\P [20] is used but has no driver.
Warning: Wire multiplier_32bit_behavioral.\P [19] is used but has no driver.
Warning: Wire multiplier_32bit_behavioral.\P [18] is used but has no driver.
Warning: Wire multiplier_32bit_behavioral.\P [17] is used but has no driver.
Warning: Wire multiplier_32bit_behavioral.\P [16] is used but has no driver.
Warning: Wire multiplier_32bit_behavioral.\P [15] is used but has no driver.
Warning: Wire multiplier_32bit_behavioral.\P [14] is used but has no driver.
Warning: Wire multiplier_32bit_behavioral.\P [13] is used but has no driver.
Warning: Wire multiplier_32bit_behavioral.\P [12] is used but has no driver.
Warning: Wire multiplier_32bit_behavioral.\P [11] is used but has no driver.
Warning: Wire multiplier_32bit_behavioral.\P [10] is used but has no driver.
Warning: Wire multiplier_32bit_behavioral.\P [9] is used but has no driver.
Warning: Wire multiplier_32bit_behavioral.\P [8] is used but has no driver.
Warning: Wire multiplier_32bit_behavioral.\P [7] is used but has no driver.
Warning: Wire multiplier_32bit_behavioral.\P [6] is used but has no driver.
Warning: Wire multiplier_32bit_behavioral.\P [5] is used but has no driver.
Warning: Wire multiplier_32bit_behavioral.\P [4] is used but has no driver.
Warning: Wire multiplier_32bit_behavioral.\P [3] is used but has no driver.
Warning: Wire multiplier_32bit_behavioral.\P [2] is used but has no driver.
Warning: Wire multiplier_32bit_behavioral.\P [1] is used but has no driver.
Warning: Wire multiplier_32bit_behavioral.\P [0] is used but has no driver.
Found and reported 64 problems.
