
===========================================================================
report_checks -unconstrained
===========================================================================
======================= Typical Corner ===================================

Startpoint: reset (input port clocked by clk)
Endpoint: _654_ (recovery check against rising-edge clock clk)
Path Group: asynchronous
Path Type: max

Fanout     Cap    Slew   Delay    Time   Description
-----------------------------------------------------------------------------
                  0.15    0.00    0.00   clock clk (rise edge)
                          0.00    0.00   clock network delay (ideal)
                          2.00    2.00 v input external delay
                  0.01    0.01    2.01 v reset (in)
     2    0.00                           reset (net)
                  0.01    0.00    2.01 v _503_/A (sky130_fd_sc_hd__buf_1)
                  0.06    0.10    2.11 v _503_/X (sky130_fd_sc_hd__buf_1)
     4    0.01                           _317_ (net)
                  0.06    0.00    2.11 v _504_/A (sky130_fd_sc_hd__buf_1)
                  0.10    0.16    2.27 v _504_/X (sky130_fd_sc_hd__buf_1)
     4    0.02                           _318_ (net)
                  0.10    0.00    2.27 v _505_/A (sky130_fd_sc_hd__inv_2)
                  0.04    0.07    2.34 ^ _505_/Y (sky130_fd_sc_hd__inv_2)
     1    0.00                           _032_ (net)
                  0.04    0.00    2.34 ^ _654_/RESET_B (sky130_fd_sc_hd__dfrtp_2)
                                  2.34   data arrival time

                  0.15   10.00   10.00   clock clk (rise edge)
                          0.00   10.00   clock network delay (ideal)
                         -0.25    9.75   clock uncertainty
                          0.00    9.75   clock reconvergence pessimism
                                  9.75 ^ _654_/CLK (sky130_fd_sc_hd__dfrtp_2)
                          0.25   10.00   library recovery time
                                 10.00   data required time
-----------------------------------------------------------------------------
                                 10.00   data required time
                                 -2.34   data arrival time
-----------------------------------------------------------------------------
                                  7.66   slack (MET)


Startpoint: a[19] (input port clocked by clk)
Endpoint: _677_ (rising edge-triggered flip-flop clocked by clk)
Path Group: clk
Path Type: max

Fanout     Cap    Slew   Delay    Time   Description
-----------------------------------------------------------------------------
                  0.15    0.00    0.00   clock clk (rise edge)
                          0.00    0.00   clock network delay (ideal)
                          2.00    2.00 v input external delay
                  0.02    0.01    2.01 v a[19] (in)
     2    0.01                           a[19] (net)
                  0.02    0.00    2.01 v _394_/A (sky130_fd_sc_hd__nor2_2)
                  0.17    0.17    2.19 ^ _394_/Y (sky130_fd_sc_hd__nor2_2)
     2    0.01                           _222_ (net)
                  0.17    0.00    2.19 ^ _396_/A (sky130_fd_sc_hd__nor2b_4)
                  0.06    0.08    2.27 v _396_/Y (sky130_fd_sc_hd__nor2b_4)
     2    0.02                           _224_ (net)
                  0.06    0.00    2.27 v _402_/B_N (sky130_fd_sc_hd__nor2b_4)
                  0.03    0.14    2.41 v _402_/Y (sky130_fd_sc_hd__nor2b_4)
     2    0.01                           _229_ (net)
                  0.03    0.00    2.41 v _406_/A1 (sky130_fd_sc_hd__a21o_2)
                  0.05    0.21    2.62 v _406_/X (sky130_fd_sc_hd__a21o_2)
     3    0.01                           _233_ (net)
                  0.05    0.00    2.62 v _442_/A1 (sky130_fd_sc_hd__a21oi_2)
                  0.13    0.15    2.77 ^ _442_/Y (sky130_fd_sc_hd__a21oi_2)
     2    0.01                           _265_ (net)
                  0.13    0.00    2.77 ^ _443_/B (sky130_fd_sc_hd__nand2_2)
                  0.06    0.09    2.86 v _443_/Y (sky130_fd_sc_hd__nand2_2)
     3    0.01                           _266_ (net)
                  0.06    0.00    2.86 v _474_/A (sky130_fd_sc_hd__nand2_2)
                  0.04    0.06    2.92 ^ _474_/Y (sky130_fd_sc_hd__nand2_2)
     1    0.00                           _293_ (net)
                  0.04    0.00    2.92 ^ _476_/A (sky130_fd_sc_hd__nand2_2)
                  0.05    0.06    2.98 v _476_/Y (sky130_fd_sc_hd__nand2_2)
     3    0.01                           _295_ (net)
                  0.05    0.00    2.98 v _477_/B (sky130_fd_sc_hd__or2_4)
                  0.04    0.23    3.21 v _477_/X (sky130_fd_sc_hd__or2_4)
     1    0.00                           _296_ (net)
                  0.04    0.00    3.21 v _479_/A (sky130_fd_sc_hd__and2_4)
                  0.03    0.14    3.35 v _479_/X (sky130_fd_sc_hd__and2_4)
     1    0.00                           _298_ (net)
                  0.03    0.00    3.35 v _480_/A (sky130_fd_sc_hd__buf_6)
                  0.02    0.10    3.45 v _480_/X (sky130_fd_sc_hd__buf_6)
     1    0.00                           _020_ (net)
                  0.02    0.00    3.45 v _677_/D (sky130_fd_sc_hd__dfrtp_2)
                                  3.45   data arrival time

                  0.15   10.00   10.00   clock clk (rise edge)
                          0.00   10.00   clock network delay (ideal)
                         -0.25    9.75   clock uncertainty
                          0.00    9.75   clock reconvergence pessimism
                                  9.75 ^ _677_/CLK (sky130_fd_sc_hd__dfrtp_2)
                         -0.08    9.67   library setup time
                                  9.67   data required time
-----------------------------------------------------------------------------
                                  9.67   data required time
                                 -3.45   data arrival time
-----------------------------------------------------------------------------
                                  6.22   slack (MET)




===========================================================================
report_checks --slack_max -0.01
============================================================================
======================= Typical Corner ===================================

No paths found.


===========================================================================
 report_check_types -max_slew -max_cap -max_fanout -violators
============================================================================
======================= Typical Corner ===================================



===========================================================================
report_parasitic_annotation -report_unannotated
============================================================================
Found 425 unannotated drivers.
 a[0]
 a[10]
 a[11]
 a[12]
 a[13]
 a[14]
 a[15]
 a[16]
 a[17]
 a[18]
 a[19]
 a[1]
 a[20]
 a[21]
 a[22]
 a[23]
 a[24]
 a[25]
 a[26]
 a[27]
 a[28]
 a[29]
 a[2]
 a[30]
 a[31]
 a[3]
 a[4]
 a[5]
 a[6]
 a[7]
 a[8]
 a[9]
 b[0]
 b[10]
 b[11]
 b[12]
 b[13]
 b[14]
 b[15]
 b[16]
 b[17]
 b[18]
 b[19]
 b[1]
 b[20]
 b[21]
 b[22]
 b[23]
 b[24]
 b[25]
 b[26]
 b[27]
 b[28]
 b[29]
 b[2]
 b[30]
 b[31]
 b[3]
 b[4]
 b[5]
 b[6]
 b[7]
 b[8]
 b[9]
 clk
 reset
 _327_/X
 _328_/X
 _329_/Y
 _330_/X
 _331_/X
 _332_/Y
 _333_/Y
 _334_/Y
 _335_/Y
 _336_/X
 _337_/Y
 _338_/Y
 _339_/Y
 _340_/Y
 _341_/Y
 _342_/Y
 _343_/Y
 _344_/Y
 _345_/X
 _346_/Y
 _347_/X
 _348_/X
 _349_/Y
 _350_/Y
 _351_/Y
 _352_/Y
 _353_/X
 _354_/Y
 _355_/Y
 _356_/Y
 _357_/Y
 _358_/Y
 _359_/Y
 _360_/Y
 _361_/Y
 _362_/Y
 _363_/Y
 _364_/Y
 _365_/Y
 _366_/Y
 _367_/Y
 _368_/X
 _369_/Y
 _370_/Y
 _371_/Y
 _372_/X
 _373_/X
 _374_/Y
 _375_/X
 _376_/X
 _377_/Y
 _378_/Y
 _379_/Y
 _380_/Y
 _381_/X
 _382_/X
 _383_/Y
 _384_/Y
 _385_/Y
 _386_/Y
 _387_/Y
 _388_/Y
 _389_/X
 _390_/X
 _391_/Y
 _392_/X
 _393_/X
 _394_/Y
 _395_/Y
 _396_/Y
 _397_/Y
 _398_/X
 _399_/Y
 _400_/Y
 _401_/Y
 _402_/Y
 _403_/Y
 _404_/Y
 _405_/Y
 _406_/X
 _407_/X
 _408_/X
 _409_/Y
 _410_/X
 _411_/X
 _412_/Y
 _413_/Y
 _414_/X
 _415_/Y
 _416_/X
 _417_/Y
 _418_/Y
 _419_/X
 _420_/Y
 _421_/Y
 _422_/X
 _423_/Y
 _424_/X
 _425_/Y
 _426_/X
 _427_/X
 _428_/Y
 _429_/Y
 _430_/Y
 _431_/Y
 _432_/X
 _433_/Y
 _434_/Y
 _435_/X
 _436_/Y
 _437_/Y
 _438_/X
 _439_/Y
 _440_/X
 _441_/Y
 _442_/Y
 _443_/Y
 _444_/X
 _445_/Y
 _446_/X
 _447_/X
 _448_/Y
 _449_/Y
 _450_/X
 _451_/Y
 _452_/X
 _453_/Y
 _454_/Y
 _455_/X
 _456_/Y
 _457_/X
 _458_/X
 _459_/Y
 _460_/X
 _461_/Y
 _462_/X
 _463_/X
 _464_/Y
 _465_/Y
 _466_/X
 _467_/Y
 _468_/X
 _469_/Y
 _470_/Y
 _471_/X
 _472_/Y
 _473_/Y
 _474_/Y
 _475_/X
 _476_/Y
 _477_/X
 _478_/Y
 _479_/X
 _480_/X
 _481_/Y
 _482_/Y
 _483_/X
 _484_/Y
 _485_/X
 _486_/X
 _487_/Y
 _488_/X
 _489_/X
 _490_/Y
 _491_/X
 _492_/Y
 _493_/X
 _494_/Y
 _495_/Y
 _496_/Y
 _497_/Y
 _498_/Y
 _499_/Y
 _500_/Y
 _501_/Y
 _502_/Y
 _503_/X
 _504_/X
 _505_/Y
 _506_/Y
 _507_/Y
 _508_/Y
 _509_/X
 _510_/Y
 _511_/Y
 _512_/Y
 _513_/Y
 _514_/X
 _515_/Y
 _516_/Y
 _517_/Y
 _518_/Y
 _519_/X
 _520_/Y
 _521_/Y
 _522_/Y
 _523_/Y
 _524_/X
 _525_/X
 _526_/Y
 _527_/Y
 _528_/Y
 _529_/Y
 _530_/X
 _531_/Y
 _532_/Y
 _533_/Y
 _534_/Y
 _535_/X
 _536_/Y
 _537_/Y
 _538_/Y
 _539_/Y
 _540_/X
 _541_/Y
 _542_/Y
 _543_/Y
 _544_/Y
 _545_/Y
 _546_/Y
 _547_/Y
 _548_/Y
 _549_/X
 _550_/X
 _551_/Y
 _552_/Y
 _553_/Y
 _554_/Y
 _555_/Y
 _556_/Y
 _557_/Y
 _558_/X
 _559_/Y
 _560_/X
 _561_/X
 _562_/Y
 _563_/Y
 _564_/Y
 _565_/Y
 _566_/Y
 _567_/Y
 _568_/Y
 _569_/Y
 _570_/Y
 _571_/Y
 _572_/Y
 _573_/Y
 _574_/Y
 _575_/X
 _576_/Y
 _577_/X
 _578_/Y
 _579_/X
 _580_/X
 _581_/Y
 _582_/Y
 _583_/Y
 _584_/Y
 _585_/Y
 _586_/X
 _587_/Y
 _588_/Y
 _589_/Y
 _590_/Y
 _591_/Y
 _592_/Y
 _593_/Y
 _594_/X
 _595_/X
 _596_/Y
 _597_/X
 _598_/X
 _599_/Y
 _600_/Y
 _601_/Y
 _602_/Y
 _603_/X
 _604_/X
 _605_/Y
 _606_/Y
 _607_/Y
 _608_/Y
 _609_/Y
 _610_/Y
 _611_/Y
 _612_/Y
 _613_/Y
 _614_/Y
 _615_/Y
 _616_/Y
 _617_/X
 _618_/X
 _619_/Y
 _620_/X
 _621_/X
 _622_/Y
 _623_/Y
 _624_/Y
 _625_/X
 _626_/Y
 _627_/Y
 _628_/Y
 _629_/Y
 _630_/Y
 _631_/Y
 _632_/Y
 _633_/Y
 _634_/Y
 _635_/Y
 _636_/X
 _637_/X
 _638_/Y
 _639_/X
 _640_/X
 _641_/Y
 _642_/Y
 _643_/Y
 _644_/Y
 _645_/Y
 _646_/Y
 _647_/Y
 _648_/Y
 _649_/Y
 _650_/Y
 _651_/Y
 _652_/X
 _653_/Y
 _654_/Q
 _655_/Q
 _656_/Q
 _657_/Q
 _658_/Q
 _659_/Q
 _660_/Q
 _661_/Q
 _662_/Q
 _663_/Q
 _664_/Q
 _665_/Q
 _666_/Q
 _667_/Q
 _668_/Q
 _669_/Q
 _670_/Q
 _671_/Q
 _672_/Q
 _673_/Q
 _674_/Q
 _675_/Q
 _676_/Q
 _677_/Q
 _678_/Q
 _679_/Q
 _680_/Q
 _681_/Q
 _682_/Q
 _683_/Q
 _684_/Q
 _685_/Q
Found 0 partially unannotated drivers.

===========================================================================
max slew violation count 0
max fanout violation count 0
max cap violation count 0
============================================================================

===========================================================================
check_setup -verbose -unconstrained_endpoints -multiple_clock -no_clock -no_input_delay -loops -generated_clocks
===========================================================================
